{
 "stored": {
  "harness_version": "m6-shadow-eval-2026-10-08.2",
  "all": {
   "labelled": 6,
   "joined": 5,
   "answered": 5,
   "type_accuracy": {
    "numerator": 2,
    "denominator": 4,
    "value": 0.5
   },
   "system_accuracy": {
    "numerator": 4,
    "denominator": 5,
    "value": 0.8
   },
   "attribution_accuracy": {
    "numerator": 2,
    "denominator": 4,
    "value": 0.5
   },
   "false_supported_rate": {
    "numerator": 1,
    "denominator": 3,
    "value": 0.3333
   },
   "false_our_scope_rate": {
    "numerator": 1,
    "denominator": 2,
    "value": 0.5
   },
   "false_our_scope_rate_incl_likely": {
    "numerator": 2,
    "denominator": 3,
    "value": 0.6667
   }
  },
  "by_source": {
   "stored": {
    "answered": 5,
    "type_accuracy": {
     "numerator": 2,
     "denominator": 4,
     "value": 0.5
    },
    "false_supported_rate": {
     "numerator": 1,
     "denominator": 3,
     "value": 0.3333
    }
   }
  },
  "stored": {
   "ai_supported_capped": 0,
   "sources": {
    "assessment": 5
   }
  }
 },
 "stored-with-ai-row": {
  "harness_version": "m6-shadow-eval-2026-10-08.2",
  "all": {
   "labelled": 6,
   "joined": 5,
   "answered": 5,
   "type_accuracy": {
    "numerator": 2,
    "denominator": 4,
    "value": 0.5
   },
   "system_accuracy": {
    "numerator": 4,
    "denominator": 5,
    "value": 0.8
   },
   "attribution_accuracy": {
    "numerator": 2,
    "denominator": 4,
    "value": 0.5
   },
   "false_supported_rate": {
    "numerator": 0,
    "denominator": 2,
    "value": 0.0
   },
   "false_our_scope_rate": {
    "numerator": 1,
    "denominator": 2,
    "value": 0.5
   },
   "false_our_scope_rate_incl_likely": {
    "numerator": 2,
    "denominator": 3,
    "value": 0.6667
   }
  },
  "by_source": {
   "ai": {
    "answered": 1,
    "type_accuracy": {
     "numerator": 0,
     "denominator": 1,
     "value": 0.0
    },
    "false_supported_rate": {
     "numerator": 0,
     "denominator": 0,
     "value": null
    }
   },
   "stored": {
    "answered": 4,
    "type_accuracy": {
     "numerator": 2,
     "denominator": 3,
     "value": 0.6667
    },
    "false_supported_rate": {
     "numerator": 0,
     "denominator": 2,
     "value": 0.0
    }
   }
  },
  "stored": {
   "ai_supported_capped": 1,
   "sources": {
    "assessment": 4,
    "ai": 1
   }
  }
 },
 "rules": {
  "harness_version": "m6-shadow-eval-2026-10-08.2",
  "all": {
   "labelled": 6,
   "joined": 5,
   "answered": 5,
   "type_accuracy": {
    "numerator": 4,
    "denominator": 4,
    "value": 1.0
   },
   "system_accuracy": {
    "numerator": 4,
    "denominator": 5,
    "value": 0.8
   },
   "attribution_accuracy": {
    "numerator": 2,
    "denominator": 4,
    "value": 0.5
   },
   "false_supported_rate": {
    "numerator": 0,
    "denominator": 0,
    "value": null
   },
   "false_our_scope_rate": {
    "numerator": 0,
    "denominator": 0,
    "value": null
   },
   "false_our_scope_rate_incl_likely": {
    "numerator": 0,
    "denominator": 1,
    "value": 0.0
   }
  },
  "by_source": {
   "rules": {
    "answered": 5,
    "type_accuracy": {
     "numerator": 4,
     "denominator": 4,
     "value": 1.0
    },
    "false_supported_rate": {
     "numerator": 0,
     "denominator": 0,
     "value": null
    }
   }
  }
 },
 "ai": {
  "harness_version": "m6-shadow-eval-2026-10-08.2",
  "all": {
   "labelled": 6,
   "joined": 5,
   "answered": 5,
   "type_accuracy": {
    "numerator": 2,
    "denominator": 4,
    "value": 0.5
   },
   "system_accuracy": {
    "numerator": 5,
    "denominator": 5,
    "value": 1.0
   },
   "attribution_accuracy": {
    "numerator": 2,
    "denominator": 4,
    "value": 0.5
   },
   "false_supported_rate": {
    "numerator": 0,
    "denominator": 0,
    "value": null
   },
   "false_our_scope_rate": {
    "numerator": 0,
    "denominator": 0,
    "value": null
   },
   "false_our_scope_rate_incl_likely": {
    "numerator": 0,
    "denominator": 1,
    "value": 0.0
   }
  },
  "by_source": {
   "ai": {
    "answered": 4,
    "type_accuracy": {
     "numerator": 1,
     "denominator": 3,
     "value": 0.3333
    },
    "false_supported_rate": {
     "numerator": 0,
     "denominator": 0,
     "value": null
    }
   },
   "rules": {
    "answered": 1,
    "type_accuracy": {
     "numerator": 1,
     "denominator": 1,
     "value": 1.0
    },
    "false_supported_rate": {
     "numerator": 0,
     "denominator": 0,
     "value": null
    }
   }
  },
  "ai": {
   "asked": 5,
   "answered": 4,
   "failed": 1,
   "not_asked": 0,
   "stages": {
    "hint": 3,
    "unknown": 1
   },
   "review_only": true,
   "prompt_version": "m6-shadow-scripted-2026-10-08.1",
   "provider": "recording"
  }
 }
}
