{
 "totals_m8": {
  "segments": 1338010,
  "length_m": 293078.52,
  "included": 16645,
  "included_length_m": 32624.974,
  "excluded": {
   "below_min_length": 1195138,
   "deny_listed": 34865,
   "insert_invisible": 11692,
   "invisible": 11431,
   "layer_frozen": 342,
   "not_allow_listed": 67897
  },
  "via_insert": 1335820,
  "included_via_insert": 16641
 },
 "e10_segments_kept_total_v1": 92093,
 "v1_rule_reapplied_to_this_walk": 94008,
 "v1_rule_segments_now": {
  "deny_listed": 9959,
  "included": 15697,
  "not_allow_listed": 63659,
  "layer_frozen": 342,
  "invisible": 4351
 },
 "columns_index": {
  "m8": {
   "version": 3,
   "viewport": null,
   "columns": 338,
   "bounds_length_m": 44190.664,
   "bounds_kept": true,
   "bounds_layers": {
    "06-WALL": 7858.315,
    "14-DOOR": 8.177,
    "X-REF_ FILE ALL FLOORS PLANS$0$06-WALL": 16629.263,
    "X-REF_ FILE ALL FLOORS PLANS$0$08-COLUMN": 5670.661,
    "X-REF_ FILE ALL FLOORS PLANS$0$10-SILL": 2161.915,
    "X-REF_ FILE ALL FLOORS PLANS$0$11-GLASS-1": 3689.088,
    "X-REF_ FILE ALL FLOORS PLANS$0$12-GLASS-2": 707.601,
    "X-REF_ FILE ALL FLOORS PLANS$0$14-DOOR": 2639.815,
    "X-REF_ FILE ALL FLOORS PLANS$0$31-PARAPET-WALL": 1549.25,
    "X-REF_ FILE ALL FLOORS PLANS$0$DOOR": 23.792,
    "X-REF_ FILE ALL FLOORS PLANS$0$S-COL": 934.898,
    "X-REF_ FILE ALL FLOORS PLANS$0$S-COL-PLANTED": 13.6,
    "X-REF_ FILE ALL FLOORS PLANS$0$S-RETAINING-WALL": 1792.567,
    "X-REF_ FILE ALL FLOORS PLANS$0$sh-door": 8.632,
    "X-REF_ TAG$0$49-DOOR-TAG": 501.757,
    "X-REF_LANDSCAPE$0$14-DOOR": 1.333
   },
   "hidden": {
    "invisible": 6838
   },
   "bounds_length_dedup_m": 43456.556,
   "seconds": 13.6
  },
  "base_v2": {
   "columns": 338,
   "bounds_kept": true,
   "bounds_length_dedup_m": 40426.718,
   "seconds": 73.1,
   "base_commit": "5270773a469e31f5cad0b7d7a170e168a1d918ba"
  }
 },
 "sparse": false
}
included layers: [('X-REF_ FILE ALL FLOORS PLANS$0$06-WALL', 10567, 15972.95), ('X-REF_ FILE ALL FLOORS PLANS$0$11-GLASS-1', 3636, 3492.694), ('X-REF_ FILE ALL FLOORS PLANS$0$10-SILL', 1176, 1302.671), ('X-REF_ FILE ALL FLOORS PLANS$0$31-PARAPET-WALL', 535, 1540.851), ('X-REF_ FILE ALL FLOORS PLANS$0$12-GLASS-2', 402, 667.401), ('X-REF_ FILE ALL FLOORS PLANS$0$S-RETAINING-WALL', 234, 1792.567), ('06-WALL', 95, 7855.84)]
