........................................................................ [  3%]
........................................................................ [  7%]
........................................................................ [ 11%]
......................................................s................. [ 15%]
........................................................................ [ 18%]
......ssssssssssssss...............s..........................sssssss... [ 22%]
........................................................................ [ 26%]
........................................................................ [ 30%]
..............................................sss....................... [ 33%]
........................................................................ [ 37%]
........................................................................ [ 41%]
........................................................................ [ 45%]
........................................................................ [ 48%]
........................................................................ [ 52%]
......................s................................................. [ 56%]
........................................................................ [ 60%]
........................................................................ [ 63%]
........................................................................ [ 67%]
....................................................F................... [ 71%]
........................................................................ [ 75%]
........................................................................ [ 78%]
..........s............................................................. [ 82%]
..........................................s............................. [ 86%]
........................................................................ [ 90%]
.........................s.............................................. [ 93%]
........................................................................ [ 97%]
.............................sssss...........                            [100%]
================================== FAILURES ===================================
_ test_the_part_catalogue_knows_every_number_on_file_for_a_brand_and_completes_it _

client = <starlette.testclient.TestClient object at 0x0000024F83DFD6D0>
db_session = <sqlalchemy.orm.session.Session object at 0x0000024F952E1580>
tmp_path = WindowsPath('C:/t/tmp/m6/bt/test_the_part_catalogue_knows_0')
monkeypatch = <_pytest.monkeypatch.MonkeyPatch object at 0x0000024FFD6BC6B0>

    def test_the_part_catalogue_knows_every_number_on_file_for_a_brand_and_completes_it(client, db_session, tmp_path, monkeypatch):
        import app.routers.materials as materials_router
        import app.services.part_catalog as catalog_module
        from app.services.datasheet_library import DatasheetLibrary
    
        edwards = tmp_path / "EST4"
        menvier = tmp_path / "MENVIER"
        for path, lines in [
            (edwards / "01- PANEL" / "01- 4-CPU.pdf", ["4-CPU Central Processor Module"]),
            (edwards / "01- PANEL" / "3-SDDC2 & 3-SSDC2.pdf", ["Loop controllers"]),
            (edwards / "02- Initiating Devices" / "China" / "01- SIGA-OSD-FCN.pdf", ["Smoke detector"]),
            (edwards / "00- submittal" / "EST4 Technical Reference Manual.pdf", ["Manual"]),
            (menvier / "CTR160CGL2KS-M.pdf", ["Menvier luminaire"]),
        ]:
            path.parent.mkdir(parents=True, exist_ok=True)
            doc = pymupdf.open()
            doc.new_page().insert_text((40, 50), "\n".join(lines), fontsize=9)
            doc.save(path)
            doc.close()
        libraries = {"EDWARDS": DatasheetLibrary("EDWARDS", edwards), "MENVIER": DatasheetLibrary("MENVIER", menvier)}
        monkeypatch.setattr(catalog_module, "get_libraries", lambda: libraries)
        monkeypatch.setattr(materials_router, "get_libraries", lambda: libraries)
        _login(client)
        project_id = client.post("/projects", json={
            "ep_number": "30791", "project_name": "Titania", "design_sheets": [],
            "systems": [{"name": "Fire Alarm", "brand": "EDWARDS", "method_statement": True, "drawing": True},
                        {"name": "Emergency Light Monitoring", "brand": "MENVIER", "method_statement": True, "drawing": True}],
        }).json()["id"]
        client.put(f"/projects/{project_id}/boq", json=[
            {"system_code": "FAS", "group_heading": "Panel", "catalog_no": "4-CPU", "description": "Central Processor Module", "quantity": "1", "manufacturer": "EDWARDS"},
            {"system_code": "FAS", "group_heading": "Field", "catalog_no": "SIGA-PS", "description": "Photoelectric smoke detector", "quantity": "120", "manufacturer": "EDWARDS"},
            {"system_code": "FAS", "group_heading": "Field", "catalog_no": "12", "description": "GRSW-10", "quantity": "1", "manufacturer": "EDWARDS"},
        ])
    
        numbers = {e.part_no for e in part_catalog.catalog(db_session, "EDWARDS")}
>       assert {"4-CPU", "3-SDDC2", "3-SSDC2", "SIGA-OSD-FCN", "SIGA-PS"} <= numbers    # datasheet names, the BOQ
E       AssertionError: assert {'3-SDDC2', '...N', 'SIGA-PS'} <= {'3-CAB14B', ...3-CHAS4', ...}
E         
E         Extra items in the left set:
E         '3-SSDC2'
E         'SIGA-OSD-FCN'
E         '3-SDDC2'

tests\test_proposed_materials.py:108: AssertionError
- generated xml file: G:\dev (2)\dev\ep-platform-merged\wt-m6\docs\milestones\M6\evidence\attribution\full-suite.xml -
=========================== short test summary info ===========================
FAILED tests/test_proposed_materials.py::test_the_part_catalogue_knows_every_number_on_file_for_a_brand_and_completes_it
1 failed, 1881 passed, 35 skipped in 2273.61s (0:37:53)
