{
 "stored": {
  "labelled": 6,
  "joined": 5,
  "answered": 5,
  "type_accuracy": {
   "numerator": 2,
   "denominator": 4,
   "value": 0.5
  },
  "system_accuracy": {
   "numerator": 4,
   "denominator": 5,
   "value": 0.8
  },
  "attribution_accuracy": {
   "numerator": 2,
   "denominator": 4,
   "value": 0.5
  },
  "false_supported_rate": {
   "numerator": 1,
   "denominator": 3,
   "value": 0.3333
  },
  "false_our_scope_rate": {
   "numerator": 1,
   "denominator": 2,
   "value": 0.5
  },
  "false_our_scope_rate_incl_likely": {
   "numerator": 2,
   "denominator": 3,
   "value": 0.6667
  }
 },
 "rules": {
  "labelled": 6,
  "joined": 5,
  "answered": 5,
  "type_accuracy": {
   "numerator": 4,
   "denominator": 4,
   "value": 1.0
  },
  "system_accuracy": {
   "numerator": 4,
   "denominator": 5,
   "value": 0.8
  },
  "attribution_accuracy": {
   "numerator": 2,
   "denominator": 4,
   "value": 0.5
  },
  "false_supported_rate": {
   "numerator": 0,
   "denominator": 0,
   "value": null
  },
  "false_our_scope_rate": {
   "numerator": 0,
   "denominator": 0,
   "value": null
  },
  "false_our_scope_rate_incl_likely": {
   "numerator": 0,
   "denominator": 1,
   "value": 0.0
  }
 },
 "ai": {
  "labelled": 6,
  "joined": 5,
  "answered": 5,
  "type_accuracy": {
   "numerator": 2,
   "denominator": 4,
   "value": 0.5
  },
  "system_accuracy": {
   "numerator": 5,
   "denominator": 5,
   "value": 1.0
  },
  "attribution_accuracy": {
   "numerator": 2,
   "denominator": 4,
   "value": 0.5
  },
  "false_supported_rate": {
   "numerator": 1,
   "denominator": 2,
   "value": 0.5
  },
  "false_our_scope_rate": {
   "numerator": 0,
   "denominator": 0,
   "value": null
  },
  "false_our_scope_rate_incl_likely": {
   "numerator": 0,
   "denominator": 1,
   "value": 0.0
  }
 }
}
