SAVEAS unknown 0 ['SAVEAS', 'Unknown command "SAVEAS".  Press F1 for help.']
QSAVE unknown 0 ['QSAVE', 'Unknown command "QSAVE".  Press F1 for help.']
SAVE unknown 0 ['SAVE', 'Unknown command "SAVE".  Press F1 for help.']
DXFOUT unknown 0 ['DXFOUT', 'Unknown command "DXFOUT".  Press F1 for help.']
-INSERT unknown 0 ['-INSERT', 'Unknown command "-INSERT".  Press F1 for help.']
INSERT unknown 0 ['INSERT', 'Unknown command "INSERT".  Press F1 for help.']
ERASE unknown 0 ['ERASE', 'Unknown command "ERASE".  Press F1 for help.']
LIST KNOWN 1 ['LIST', 'Select objects: _.QUIT', '*Invalid selection*']
DWGCONVERT unknown 0 ['DWGCONVERT', 'Unknown command "DWGCONVERT".  Press F1 for help.']
-DWGCONVERT unknown 0 ['-DWGCONVERT', 'Unknown command "-DWGCONVERT".  Press F1 for help.']
AUDIT unknown 0 ['AUDIT', 'Unknown command "AUDIT".  Press F1 for help.']
-PLOT unknown 0 ['-PLOT', 'Unknown command "-PLOT".  Press F1 for help.']
PLOT KNOWN 0 ['PLOT', 'Detailed plot configuration? [Yes/No] <No>: _.QUIT', '_Y']
-EXPORT unknown 0 ['-EXPORT', 'Unknown command "-EXPORT".  Press F1 for help.']
EXPORT unknown 0 ['EXPORT', 'Unknown command "EXPORT".  Press F1 for help.']
-PURGE unknown 0 ['-PURGE', 'Unknown command "-PURGE".  Press F1 for help.']
PURGE unknown 0 ['PURGE', 'Unknown command "PURGE".  Press F1 for help.']
SETVAR KNOWN 0 ['SETVAR', 'Enter variable name or [?]: _.QUIT', 'Unknown variable name.  Type SETVAR ? for a list of variables.']
TILEMODE KNOWN timeout ['TILEMODE', 'Enter new value for TILEMODE <0>: _.QUIT', 'Requires 0 or 1 only.']
MODEL unknown 0 ['MODEL', 'Unknown command "MODEL".  Press F1 for help.']
-LAYER KNOWN timeout ['-LAYER', 'Current layer:  "0"', 'Enter an option [?/Make/Set/New/Rename/ON/OFF/Color/Ltype/LWeight/TRansparency/MATerial/Plot/Freeze/Thaw/LOck/Unlock/stAte/Description/rEconcile/Xref]: _.QUIT']
BLOCK unknown 0 ['BLOCK', 'Unknown command "BLOCK".  Press F1 for help.']
-BLOCK unknown 0 ['-BLOCK', 'Unknown command "-BLOCK".  Press F1 for help.']
WBLOCK unknown 0 ['WBLOCK', 'Unknown command "WBLOCK".  Press F1 for help.']
-WBLOCK KNOWN timeout ['-WBLOCK', 'Current settings: Object conversion=Delete', 'Enter name of output file: _.QUIT']
OPEN KNOWN timeout ['OPEN', 'Enter name of drawing to open <C:\\t\\tmp\\m5cad\\probe\\cmdprobe\\OPEN\\scratch.dwg>: _.QUIT', '************************MessageBox****************************']
DXFIN unknown 0 ['DXFIN', 'Unknown command "DXFIN".  Press F1 for help.']
SCRIPT unknown 0 ['SCRIPT', 'Unknown command "SCRIPT".  Press F1 for help.']
APPLOAD unknown 0 ['APPLOAD', 'Unknown command "APPLOAD".  Press F1 for help.']
ARX unknown 0 ['ARX', 'Unknown command "ARX".  Press F1 for help.']
NETLOAD unknown 0 ['NETLOAD', 'Unknown command "NETLOAD".  Press F1 for help.']
ID KNOWN 1 ['ID', 'Specify point: _.QUIT', 'Invalid point.']
COUNT unknown 0 ['COUNT', 'Unknown command "COUNT".  Press F1 for help.']
-ATTEXT unknown 0 ['-ATTEXT', 'Unknown command "-ATTEXT".  Press F1 for help.']
SELECT unknown 0 ['SELECT', 'Unknown command "SELECT".  Press F1 for help.']
UNDO unknown 0 ['UNDO', 'Unknown command "UNDO".  Press F1 for help.']
U unknown 0 ['U', 'Unknown command "U".  Press F1 for help.']
EXPORTPDF KNOWN 0 ['EXPORTPDF', '_.QUIT', '_Y']
-EXPORTPDF unknown 0 ['-EXPORTPDF', 'Unknown command "-EXPORTPDF".  Press F1 for help.']
RECOVER unknown 0 ['RECOVER', 'Unknown command "RECOVER".  Press F1 for help.']
SAVEALL unknown 0 ['SAVEALL', 'Unknown command "SAVEALL".  Press F1 for help.']
CLOSE KNOWN 0 ['CLOSE']
QUIT KNOWN timeout ['QUIT', '_.QUIT', 'Really want to discard all changes to drawing? <N> _.QUIT']
LINE unknown 0 ['LINE', 'Unknown command "LINE".  Press F1 for help.']
MOVE unknown 0 ['MOVE', 'Unknown command "MOVE".  Press F1 for help.']
COPY unknown 0 ['COPY', 'Unknown command "COPY".  Press F1 for help.']
EXPLODE unknown 0 ['EXPLODE', 'Unknown command "EXPLODE".  Press F1 for help.']
REGEN KNOWN 0 ['REGEN', 'Regenerating layout.', '_.QUIT']
ZOOM KNOWN 1 ['ZOOM', 'Specify corner of window, enter a scale factor (nX or nXP), or', '[All/Center/Dynamic/Extents/Previous/Scale/Window/Object] <real time>: _.QUIT']
-LAYOUT unknown 0 ['-LAYOUT', 'Unknown command "-LAYOUT".  Press F1 for help.']
XREF KNOWN timeout ['XREF', 'Enter an option [?/Bind/Path/pathType/Unload/Reload] <Reload>: _.QUIT', 'Invalid option keyword.']
-XREF KNOWN timeout ['-XREF', 'Enter an option [?/Bind/Path/pathType/Unload/Reload] <Reload>: _.QUIT', 'Invalid option keyword.']
SYSVARMONITOR unknown 0 ['SYSVARMONITOR', 'Unknown command "SYSVARMONITOR".  Press F1 for help.']
ETRANSMIT unknown 0 ['ETRANSMIT', 'Unknown command "ETRANSMIT".  Press F1 for help.']
-ETRANSMIT unknown 0 ['-ETRANSMIT', 'Unknown command "-ETRANSMIT".  Press F1 for help.']
DWGPROPS unknown 0 ['DWGPROPS', 'Unknown command "DWGPROPS".  Press F1 for help.']
PUBLISH KNOWN 0 ['PUBLISH', '_.QUIT', '_Y']
-PUBLISH KNOWN 0 ['-PUBLISH', 'Enter name of sheet list <>: _.QUIT', 'Invalid file.']
TEXT unknown 0 ['TEXT', 'Unknown command "TEXT".  Press F1 for help.']
-TEXT unknown 0 ['-TEXT', 'Unknown command "-TEXT".  Press F1 for help.']
SECURITYOPTIONS unknown 0 ['SECURITYOPTIONS', 'Unknown command "SECURITYOPTIONS".  Press F1 for help.']
TRUSTEDPATHS unknown 0 ['TRUSTEDPATHS', 'Unknown command "TRUSTEDPATHS".  Press F1 for help.']
VLISP unknown 0 ['VLISP', 'Unknown command "VLISP".  Press F1 for help.']
( unknown 0 ['(', 'LISP command is not available.']
JSLOAD unknown 0 ['JSLOAD', 'Unknown command "JSLOAD".  Press F1 for help.']
MARKUP unknown 0 ['MARKUP', 'Unknown command "MARKUP".  Press F1 for help.']
DWFOUT unknown 0 ['DWFOUT', 'Unknown command "DWFOUT".  Press F1 for help.']
BATTMAN unknown 0 ['BATTMAN', 'Unknown command "BATTMAN".  Press F1 for help.']
ATTSYNC unknown 0 ['ATTSYNC', 'Unknown command "ATTSYNC".  Press F1 for help.']
