{
 "totals_now": {
  "segments": 1338010,
  "length_m": 293078.52,
  "included": 16569,
  "included_length_m": 24877.578,
  "excluded": {
   "below_min_length": 1195138,
   "deny_listed": 34275,
   "insert_invisible": 11692,
   "invisible": 11431,
   "layer_frozen": 342,
   "not_allow_listed": 67897,
   "title_frame": 666
  },
  "via_insert": 1335820,
  "included_via_insert": 16565
 },
 "kept_delta": {
  "segments": -76,
  "length_m": -7747.396
 },
 "title_frame_removed_from_kept_by_block": {
  "X-REF_ DIM_TEXT": {
   "segments": 4,
   "length_m": 13.886
  },
  "X-REF_ FILE ALL FLOORS PLANS$0$T.FRAM": {
   "segments": 72,
   "length_m": 7733.509
  }
 },
 "units": {
  "insunits": 6,
  "measurement": 0,
  "lunits": 2,
  "unit": "m",
  "factor_to_m": 1.0,
  "known": true,
  "source": "$INSUNITS",
  "lengths_in": "m"
 },
 "bounds_now": 35221.286,
 "attribution": {
  "frame_rule": 7733.505,
  "tag": 501.764,
  "tag_layer_undeduplicated_m": 501.757,
  "now_vs_base": -5205.432,
  "now_vs_orch036": -8235.27
 },
 "fit_identical": true,
 "twisted": []
}
